dbug: Microsoft.Extensions.Hosting.Internal.Host[1]
      Hosting starting
info: Microsoft.AspNetCore.DataProtection.KeyManagement.XmlKeyManager[63]
      User profile is available. Using 'C:\Users\Admin\AppData\Local\ASP.NET\DataProtection-Keys' as key repository and Windows DPAPI to encrypt keys at rest.
info: Microsoft.Hosting.Lifetime[0]
      Application started. Press Ctrl+C to shut down.
info: Microsoft.Hosting.Lifetime[0]
      Hosting environment: Production
info: Microsoft.Hosting.Lifetime[0]
      Content root path: C:\Users\Admin\OneDrive\Desktop\PharmaInventory\KTC-APP-FINAL\
dbug: Microsoft.Extensions.Hosting.Internal.Host[2]
      Hosting started
info: Microsoft.AspNetCore.Hosting.Diagnostics[1]
      Request starting HTTP/2 GET https://localhost:44307/ - -
info: Microsoft.AspNetCore.Routing.EndpointMiddleware[0]
      Executing endpoint 'CodeFirstTransport.Controllers.UsersController.Login (CodeFirstTransport)'
info: Microsoft.AspNetCore.Mvc.Infrastructure.ControllerActionInvoker[3]
      Route matched with {action = "Login", controller = "Users"}. Executing controller action with signature System.Threading.Tasks.Task`1[Microsoft.AspNetCore.Mvc.IActionResult] Login() on controller CodeFirstTransport.Controllers.UsersController (CodeFirstTransport).
dbug: Microsoft.EntityFrameworkCore.Infrastructure[10401]
      An 'IServiceProvider' was created for internal use by Entity Framework.
info: Microsoft.AspNetCore.Mvc.ViewFeatures.ViewResultExecutor[1]
      Executing ViewResult, running view Login.
dbug: Microsoft.WebTools.BrowserLink.Net.BrowserLinkMiddleware[1]
      Response markup is scheduled to include Browser Link script injection.
info: Microsoft.AspNetCore.Mvc.ViewFeatures.ViewResultExecutor[4]
      Executed ViewResult - view Login executed in 184.2925ms.
info: Microsoft.AspNetCore.Hosting.Diagnostics[1]
      Request starting HTTP/2 GET https://localhost:44307/lib/bootstrap/dist/js/bootstrap.bundle.min.js - -
info: Microsoft.AspNetCore.Hosting.Diagnostics[1]
      Request starting HTTP/2 GET https://localhost:44307/lib/jquery/dist/jquery.min.js - -
info: Microsoft.AspNetCore.Hosting.Diagnostics[1]
      Request starting HTTP/2 GET https://localhost:44307/css/site.css?v=jKzyvarUBw1mnoaniDTwao0buQpy2sBEXyi6wiHfKN8 - -
info: Microsoft.AspNetCore.Mvc.Infrastructure.ControllerActionInvoker[2]
      Executed action CodeFirstTransport.Controllers.UsersController.Login (CodeFirstTransport) in 485.0882ms
info: Microsoft.AspNetCore.Routing.EndpointMiddleware[1]
      Executed endpoint 'CodeFirstTransport.Controllers.UsersController.Login (CodeFirstTransport)'
dbug: Microsoft.WebTools.BrowserLink.Net.BrowserLinkMiddleware[2]
      Response markup was updated to include Browser Link script injection.
info: Microsoft.AspNetCore.Hosting.Diagnostics[2]
      Request finished HTTP/2 GET https://localhost:44307/ - - - 200 - text/html;+charset=utf-8 889.5296ms
info: Microsoft.AspNetCore.Hosting.Diagnostics[1]
      Request starting HTTP/2 GET https://localhost:44307/KhanTransport.styles.css - -
info: Microsoft.AspNetCore.StaticFiles.StaticFileMiddleware[2]
      Sending file. Request path: '/css/site.css'. Physical path: 'C:\Users\Admin\OneDrive\Desktop\PharmaInventory\KTC-APP-FINAL\wwwroot\css\site.css'
info: Microsoft.AspNetCore.Hosting.Diagnostics[2]
      Request finished HTTP/2 GET https://localhost:44307/KhanTransport.styles.css - - - 404 - - 15.9867ms
info: Microsoft.AspNetCore.Hosting.Diagnostics[2]
      Request finished HTTP/2 GET https://localhost:44307/css/site.css?v=jKzyvarUBw1mnoaniDTwao0buQpy2sBEXyi6wiHfKN8 - - - 200 199 text/css 80.5352ms
info: Microsoft.AspNetCore.Hosting.Diagnostics[1]
      Request starting HTTP/2 GET https://localhost:44307/lib/bootstrap/dist/css/bootstrap.min.css - -
info: Microsoft.AspNetCore.Hosting.Diagnostics[1]
      Request starting HTTP/2 GET https://localhost:44307/_vs/browserLink - -
info: Microsoft.AspNetCore.StaticFiles.StaticFileMiddleware[2]
      Sending file. Request path: '/lib/bootstrap/dist/css/bootstrap.min.css'. Physical path: 'C:\Users\Admin\OneDrive\Desktop\PharmaInventory\KTC-APP-FINAL\wwwroot\lib\bootstrap\dist\css\bootstrap.min.css'
info: Microsoft.AspNetCore.Hosting.Diagnostics[1]
      Request starting HTTP/2 GET https://localhost:44307/js/site.js?v=4q1jwFhaPaZgr8WAUSrux6hAuh0XDg9kPS3xIVq36I0 - -
info: Microsoft.AspNetCore.StaticFiles.StaticFileMiddleware[2]
      Sending file. Request path: '/js/site.js'. Physical path: 'C:\Users\Admin\OneDrive\Desktop\PharmaInventory\KTC-APP-FINAL\wwwroot\js\site.js'
info: Microsoft.AspNetCore.Hosting.Diagnostics[2]
      Request finished HTTP/2 GET https://localhost:44307/js/site.js?v=4q1jwFhaPaZgr8WAUSrux6hAuh0XDg9kPS3xIVq36I0 - - - 200 230 application/javascript 19.1238ms
info: Microsoft.AspNetCore.Hosting.Diagnostics[1]
      Request starting HTTP/2 GET https://localhost:44307/_framework/aspnetcore-browser-refresh.js - -
info: Microsoft.AspNetCore.Hosting.Diagnostics[2]
      Request finished HTTP/2 GET https://localhost:44307/_framework/aspnetcore-browser-refresh.js - - - 200 12368 application/javascript;+charset=utf-8 21.7894ms
info: Microsoft.AspNetCore.Hosting.Diagnostics[2]
      Request finished HTTP/2 GET https://localhost:44307/lib/bootstrap/dist/css/bootstrap.min.css - - - 200 162720 text/css 121.3638ms
info: Microsoft.AspNetCore.StaticFiles.StaticFileMiddleware[2]
      Sending file. Request path: '/lib/jquery/dist/jquery.min.js'. Physical path: 'C:\Users\Admin\OneDrive\Desktop\PharmaInventory\KTC-APP-FINAL\wwwroot\lib\jquery\dist\jquery.min.js'
info: Microsoft.AspNetCore.StaticFiles.StaticFileMiddleware[2]
      Sending file. Request path: '/lib/bootstrap/dist/js/bootstrap.bundle.min.js'. Physical path: 'C:\Users\Admin\OneDrive\Desktop\PharmaInventory\KTC-APP-FINAL\wwwroot\lib\bootstrap\dist\js\bootstrap.bundle.min.js'
info: Microsoft.AspNetCore.Hosting.Diagnostics[2]
      Request finished HTTP/2 GET https://localhost:44307/lib/bootstrap/dist/js/bootstrap.bundle.min.js - - - 200 78468 application/javascript 244.4894ms
info: Microsoft.AspNetCore.Hosting.Diagnostics[2]
      Request finished HTTP/2 GET https://localhost:44307/lib/jquery/dist/jquery.min.js - - - 200 89476 application/javascript 246.0600ms
info: Microsoft.AspNetCore.Hosting.Diagnostics[2]
      Request finished HTTP/2 GET https://localhost:44307/_vs/browserLink - - - 200 - text/javascript;+charset=UTF-8 248.3051ms
info: Microsoft.AspNetCore.Hosting.Diagnostics[1]
      Request starting HTTP/2 GET https://localhost:44307/favicon.ico - -
info: Microsoft.AspNetCore.StaticFiles.StaticFileMiddleware[2]
      Sending file. Request path: '/favicon.ico'. Physical path: 'C:\Users\Admin\OneDrive\Desktop\PharmaInventory\KTC-APP-FINAL\wwwroot\favicon.ico'
info: Microsoft.AspNetCore.Hosting.Diagnostics[2]
      Request finished HTTP/2 GET https://localhost:44307/favicon.ico - - - 200 5430 image/x-icon 36.7251ms
info: Microsoft.AspNetCore.Hosting.Diagnostics[1]
      Request starting HTTP/2 POST https://localhost:44307/ application/x-www-form-urlencoded 231
info: Microsoft.AspNetCore.Routing.EndpointMiddleware[0]
      Executing endpoint 'CodeFirstTransport.Controllers.UsersController.Login (CodeFirstTransport)'
info: Microsoft.AspNetCore.Mvc.Infrastructure.ControllerActionInvoker[3]
      Route matched with {action = "Login", controller = "Users"}. Executing controller action with signature System.Threading.Tasks.Task`1[Microsoft.AspNetCore.Mvc.IActionResult] Login(System.String, System.String) on controller CodeFirstTransport.Controllers.UsersController (CodeFirstTransport).
dbug: Microsoft.EntityFrameworkCore.Model.Validation[10600]
      The property 'BillTable.PaymentTablePId' was created in shadow state because there are no eligible CLR members with a matching name.
info: Microsoft.EntityFrameworkCore.Infrastructure[10403]
      Entity Framework Core 6.0.21 initialized 'TransportMgmtContext' using provider 'Microsoft.EntityFrameworkCore.SqlServer:6.0.21' with options: CommandTimeout=120 
dbug: Microsoft.EntityFrameworkCore.Query[10111]
      Compiling query expression: 
      'DbSet<TblUser>()
          .FirstOrDefault(a => a.Email == __emailId_0 && a.Password == __password_1)'
dbug: Microsoft.EntityFrameworkCore.Query[10107]
      Generated query execution expression: 
      'queryContext => new SingleQueryingEnumerable<TblUser>(
          (RelationalQueryContext)queryContext, 
          RelationalCommandCache.SelectExpression(
              Projection Mapping:
                  EmptyProjectionMember -> Dictionary<IProperty, int> { [Property: TblUser.UserId (int) Required PK AfterSave:Throw ValueGenerated.OnAdd, 0], [Property: TblUser.Address (string), 1], [Property: TblUser.City (string), 2], [Property: TblUser.Doj (DateTime?), 3], [Property: TblUser.Email (string) Required, 4], [Property: TblUser.LastLogIn (DateTime?), 5], [Property: TblUser.Password (string) Required, 6], [Property: TblUser.Role (string), 7], [Property: TblUser.UserName (string) Required, 8] }
              SELECT TOP(1) t.UserId, t.Address, t.City, t.Doj, t.Email, t.LastLogIn, t.Password, t.Role, t.UserName
              FROM TblUsers AS t
              WHERE (t.Email == @__emailId_0) && (t.Password == @__password_1)), 
          Func<QueryContext, DbDataReader, ResultContext, SingleQueryResultCoordinator, TblUser>, 
          CodeFirstTransport.Models.TransportMgmtContext, 
          False, 
          False, 
          True
      )
          .SingleOrDefault()'
dbug: Microsoft.EntityFrameworkCore.Database.Command[20103]
      Creating DbCommand for 'ExecuteReader'.
dbug: Microsoft.EntityFrameworkCore.Database.Command[20104]
      Created DbCommand for 'ExecuteReader' (79ms).
dbug: Microsoft.EntityFrameworkCore.Database.Connection[20000]
      Opening connection to database 'FinalDb' on server 'DESKTOP-4RBO5HC\SQLEXPRESS'.
dbug: Microsoft.EntityFrameworkCore.Database.Connection[20001]
      Opened connection to database 'FinalDb' on server 'DESKTOP-4RBO5HC\SQLEXPRESS'.
dbug: Microsoft.EntityFrameworkCore.Database.Command[20100]
      Executing DbCommand [Parameters=[@__emailId_0='?' (Size = 4000), @__password_1='?' (Size = 4000)], CommandType='Text', CommandTimeout='120']
      SELECT TOP(1) [t].[UserId], [t].[Address], [t].[City], [t].[Doj], [t].[Email], [t].[LastLogIn], [t].[Password], [t].[Role], [t].[UserName]
      FROM [TblUsers] AS [t]
      WHERE ([t].[Email] = @__emailId_0) AND ([t].[Password] = @__password_1)
info: Microsoft.EntityFrameworkCore.Database.Command[20101]
      Executed DbCommand (113ms) [Parameters=[@__emailId_0='?' (Size = 4000), @__password_1='?' (Size = 4000)], CommandType='Text', CommandTimeout='120']
      SELECT TOP(1) [t].[UserId], [t].[Address], [t].[City], [t].[Doj], [t].[Email], [t].[LastLogIn], [t].[Password], [t].[Role], [t].[UserName]
      FROM [TblUsers] AS [t]
      WHERE ([t].[Email] = @__emailId_0) AND ([t].[Password] = @__password_1)
dbug: Microsoft.EntityFrameworkCore.ChangeTracking[10806]
      Context 'TransportMgmtContext' started tracking 'TblUser' entity. Consider using 'DbContextOptionsBuilder.EnableSensitiveDataLogging' to see key values.
dbug: Microsoft.EntityFrameworkCore.Database.Command[20300]
      A data reader was disposed.
dbug: Microsoft.EntityFrameworkCore.Database.Connection[20002]
      Closing connection to database 'FinalDb' on server 'DESKTOP-4RBO5HC\SQLEXPRESS'.
dbug: Microsoft.EntityFrameworkCore.Database.Connection[20003]
      Closed connection to database 'FinalDb' on server 'DESKTOP-4RBO5HC\SQLEXPRESS'.
info: Microsoft.AspNetCore.Mvc.RedirectToActionResult[1]
      Executing RedirectResult, redirecting to /Home/Index.
info: Microsoft.AspNetCore.Mvc.Infrastructure.ControllerActionInvoker[2]
      Executed action CodeFirstTransport.Controllers.UsersController.Login (CodeFirstTransport) in 2980.6782ms
info: Microsoft.AspNetCore.Routing.EndpointMiddleware[1]
      Executed endpoint 'CodeFirstTransport.Controllers.UsersController.Login (CodeFirstTransport)'
dbug: Microsoft.EntityFrameworkCore.Infrastructure[10407]
      'TransportMgmtContext' disposed.
info: Microsoft.AspNetCore.Hosting.Diagnostics[1]
      Request starting HTTP/2 GET https://localhost:44307/Home/Index - -
info: Microsoft.AspNetCore.Routing.EndpointMiddleware[0]
      Executing endpoint 'CodeFirstTransport.Controllers.HomeController.Index (CodeFirstTransport)'
info: Microsoft.AspNetCore.Hosting.Diagnostics[2]
      Request finished HTTP/2 POST https://localhost:44307/ application/x-www-form-urlencoded 231 - 302 - - 3052.9383ms
info: Microsoft.AspNetCore.Mvc.Infrastructure.ControllerActionInvoker[3]
      Route matched with {action = "Index", controller = "Home"}. Executing controller action with signature Microsoft.AspNetCore.Mvc.IActionResult Index() on controller CodeFirstTransport.Controllers.HomeController (CodeFirstTransport).
info: Microsoft.AspNetCore.Mvc.ViewFeatures.ViewResultExecutor[1]
      Executing ViewResult, running view Index.
dbug: Microsoft.WebTools.BrowserLink.Net.BrowserLinkMiddleware[1]
      Response markup is scheduled to include Browser Link script injection.
info: Microsoft.AspNetCore.Mvc.ViewFeatures.ViewResultExecutor[4]
      Executed ViewResult - view Index executed in 41.8663ms.
info: Microsoft.AspNetCore.Mvc.Infrastructure.ControllerActionInvoker[2]
      Executed action CodeFirstTransport.Controllers.HomeController.Index (CodeFirstTransport) in 48.3761ms
info: Microsoft.AspNetCore.Routing.EndpointMiddleware[1]
      Executed endpoint 'CodeFirstTransport.Controllers.HomeController.Index (CodeFirstTransport)'
dbug: Microsoft.WebTools.BrowserLink.Net.BrowserLinkMiddleware[2]
      Response markup was updated to include Browser Link script injection.
info: Microsoft.AspNetCore.Hosting.Diagnostics[2]
      Request finished HTTP/2 GET https://localhost:44307/Home/Index - - - 200 - text/html;+charset=utf-8 83.0274ms
info: Microsoft.AspNetCore.Hosting.Diagnostics[1]
      Request starting HTTP/2 GET https://localhost:44307/CodeFirstTransport.styles.css - -
info: Microsoft.AspNetCore.Hosting.Diagnostics[1]
      Request starting HTTP/2 GET https://localhost:44307/datatable/jquery.datatables.min.js - -
info: Microsoft.AspNetCore.Hosting.Diagnostics[1]
      Request starting HTTP/2 GET https://localhost:44307/_framework/aspnetcore-browser-refresh.js - -
info: Microsoft.AspNetCore.Hosting.Diagnostics[1]
      Request starting HTTP/2 GET https://localhost:44307/css/datatablecss/jquery.datatables.css - -
info: Microsoft.AspNetCore.Hosting.Diagnostics[1]
      Request starting HTTP/2 GET https://localhost:44307/css/datatablecss/jquery.datatables.min.css - -
info: Microsoft.AspNetCore.Hosting.Diagnostics[2]
      Request finished HTTP/2 GET https://localhost:44307/CodeFirstTransport.styles.css - - - 404 - - 9.0085ms
info: Microsoft.AspNetCore.Hosting.Diagnostics[2]
      Request finished HTTP/2 GET https://localhost:44307/_framework/aspnetcore-browser-refresh.js - - - 200 12368 application/javascript;+charset=utf-8 24.0593ms
info: Microsoft.AspNetCore.Hosting.Diagnostics[1]
      Request starting HTTP/2 GET https://localhost:44307/datatable/jquery.datatables.js - -
info: Microsoft.AspNetCore.StaticFiles.StaticFileMiddleware[2]
      Sending file. Request path: '/css/datatablecss/jquery.datatables.css'. Physical path: 'C:\Users\Admin\OneDrive\Desktop\PharmaInventory\KTC-APP-FINAL\wwwroot\css\datatablecss\jquery.datatables.css'
info: Microsoft.AspNetCore.StaticFiles.StaticFileMiddleware[2]
      Sending file. Request path: '/css/datatablecss/jquery.datatables.min.css'. Physical path: 'C:\Users\Admin\OneDrive\Desktop\PharmaInventory\KTC-APP-FINAL\wwwroot\css\datatablecss\jquery.datatables.min.css'
info: Microsoft.AspNetCore.Hosting.Diagnostics[2]
      Request finished HTTP/2 GET https://localhost:44307/css/datatablecss/jquery.datatables.css - - - 200 21049 text/css 42.8628ms
info: Microsoft.AspNetCore.Hosting.Diagnostics[2]
      Request finished HTTP/2 GET https://localhost:44307/css/datatablecss/jquery.datatables.min.css - - - 200 18369 text/css 47.0441ms
info: Microsoft.AspNetCore.StaticFiles.StaticFileMiddleware[2]
      Sending file. Request path: '/datatable/jquery.datatables.min.js'. Physical path: 'C:\Users\Admin\OneDrive\Desktop\PharmaInventory\KTC-APP-FINAL\wwwroot\datatable\jquery.datatables.min.js'
info: Microsoft.AspNetCore.Hosting.Diagnostics[2]
      Request finished HTTP/2 GET https://localhost:44307/datatable/jquery.datatables.min.js - - - 200 90265 application/javascript 98.9371ms
info: Microsoft.AspNetCore.StaticFiles.StaticFileMiddleware[2]
      Sending file. Request path: '/datatable/jquery.datatables.js'. Physical path: 'C:\Users\Admin\OneDrive\Desktop\PharmaInventory\KTC-APP-FINAL\wwwroot\datatable\jquery.datatables.js'
info: Microsoft.AspNetCore.Hosting.Diagnostics[1]
      Request starting HTTP/2 GET https://localhost:44307/_vs/browserLink - -
info: Microsoft.AspNetCore.Hosting.Diagnostics[2]
      Request finished HTTP/2 GET https://localhost:44307/datatable/jquery.datatables.js - - - 200 453651 application/javascript 102.7414ms
info: Microsoft.AspNetCore.Hosting.Diagnostics[2]
      Request finished HTTP/2 GET https://localhost:44307/_vs/browserLink - - - 200 - text/javascript;+charset=UTF-8 53.7159ms
info: Microsoft.AspNetCore.Hosting.Diagnostics[1]
      Request starting HTTP/2 GET https://localhost:44307/Dispatch/ShowReceipt - -
info: Microsoft.AspNetCore.Routing.EndpointMiddleware[0]
      Executing endpoint 'CodeFirstTransport.Controllers.DispatchController.ShowReceipt (CodeFirstTransport)'
info: Microsoft.AspNetCore.Mvc.Infrastructure.ControllerActionInvoker[3]
      Route matched with {action = "ShowReceipt", controller = "Dispatch"}. Executing controller action with signature Microsoft.AspNetCore.Mvc.IActionResult ShowReceipt() on controller CodeFirstTransport.Controllers.DispatchController (CodeFirstTransport).
info: Microsoft.EntityFrameworkCore.Infrastructure[10403]
      Entity Framework Core 6.0.21 initialized 'TransportMgmtContext' using provider 'Microsoft.EntityFrameworkCore.SqlServer:6.0.21' with options: CommandTimeout=120 
dbug: Microsoft.EntityFrameworkCore.Query[10111]
      Compiling query expression: 
      'DbSet<TblFactory>()'
dbug: Microsoft.EntityFrameworkCore.Query[10107]
      Generated query execution expression: 
      'queryContext => new SingleQueryingEnumerable<TblFactory>(
          (RelationalQueryContext)queryContext, 
          RelationalCommandCache.SelectExpression(
              Projection Mapping:
                  EmptyProjectionMember -> Dictionary<IProperty, int> { [Property: TblFactory.FID (int) Required PK AfterSave:Throw ValueGenerated.OnAdd, 0], [Property: TblFactory.Address (string), 1], [Property: TblFactory.Code (string) Required, 2], [Property: TblFactory.CreatedBy (int?), 3], [Property: TblFactory.CreatedOn (DateTime?), 4], [Property: TblFactory.FactoryName (string) Required, 5], [Property: TblFactory.Gstin (double?), 6], [Property: TblFactory.IsActive (bool) Required, 7], [Property: TblFactory.ModifiedBy (int?), 8], [Property: TblFactory.ModifiedOn (DateTime?), 9] }
              SELECT t.FID, t.Address, t.Code, t.CreatedBy, t.CreatedOn, t.FactoryName, t.Gstin, t.IsActive, t.ModifiedBy, t.ModifiedOn
              FROM TblFactories AS t), 
          Func<QueryContext, DbDataReader, ResultContext, SingleQueryResultCoordinator, TblFactory>, 
          CodeFirstTransport.Models.TransportMgmtContext, 
          False, 
          False, 
          True
      )'
dbug: Microsoft.EntityFrameworkCore.Database.Command[20103]
      Creating DbCommand for 'ExecuteReader'.
dbug: Microsoft.EntityFrameworkCore.Database.Command[20104]
      Created DbCommand for 'ExecuteReader' (4ms).
dbug: Microsoft.EntityFrameworkCore.Database.Connection[20000]
      Opening connection to database 'FinalDb' on server 'DESKTOP-4RBO5HC\SQLEXPRESS'.
dbug: Microsoft.EntityFrameworkCore.Database.Connection[20001]
      Opened connection to database 'FinalDb' on server 'DESKTOP-4RBO5HC\SQLEXPRESS'.
dbug: Microsoft.EntityFrameworkCore.Database.Command[20100]
      Executing DbCommand [Parameters=[], CommandType='Text', CommandTimeout='120']
      SELECT [t].[FID], [t].[Address], [t].[Code], [t].[CreatedBy], [t].[CreatedOn], [t].[FactoryName], [t].[Gstin], [t].[IsActive], [t].[ModifiedBy], [t].[ModifiedOn]
      FROM [TblFactories] AS [t]
info: Microsoft.EntityFrameworkCore.Database.Command[20101]
      Executed DbCommand (34ms) [Parameters=[], CommandType='Text', CommandTimeout='120']
      SELECT [t].[FID], [t].[Address], [t].[Code], [t].[CreatedBy], [t].[CreatedOn], [t].[FactoryName], [t].[Gstin], [t].[IsActive], [t].[ModifiedBy], [t].[ModifiedOn]
      FROM [TblFactories] AS [t]
dbug: Microsoft.EntityFrameworkCore.ChangeTracking[10806]
      Context 'TransportMgmtContext' started tracking 'TblFactory' entity. Consider using 'DbContextOptionsBuilder.EnableSensitiveDataLogging' to see key values.
dbug: Microsoft.EntityFrameworkCore.ChangeTracking[10806]
      Context 'TransportMgmtContext' started tracking 'TblFactory' entity. Consider using 'DbContextOptionsBuilder.EnableSensitiveDataLogging' to see key values.
dbug: Microsoft.EntityFrameworkCore.ChangeTracking[10806]
      Context 'TransportMgmtContext' started tracking 'TblFactory' entity. Consider using 'DbContextOptionsBuilder.EnableSensitiveDataLogging' to see key values.
dbug: Microsoft.EntityFrameworkCore.ChangeTracking[10806]
      Context 'TransportMgmtContext' started tracking 'TblFactory' entity. Consider using 'DbContextOptionsBuilder.EnableSensitiveDataLogging' to see key values.
dbug: Microsoft.EntityFrameworkCore.ChangeTracking[10806]
      Context 'TransportMgmtContext' started tracking 'TblFactory' entity. Consider using 'DbContextOptionsBuilder.EnableSensitiveDataLogging' to see key values.
dbug: Microsoft.EntityFrameworkCore.ChangeTracking[10806]
      Context 'TransportMgmtContext' started tracking 'TblFactory' entity. Consider using 'DbContextOptionsBuilder.EnableSensitiveDataLogging' to see key values.
dbug: Microsoft.EntityFrameworkCore.ChangeTracking[10806]
      Context 'TransportMgmtContext' started tracking 'TblFactory' entity. Consider using 'DbContextOptionsBuilder.EnableSensitiveDataLogging' to see key values.
dbug: Microsoft.EntityFrameworkCore.ChangeTracking[10806]
      Context 'TransportMgmtContext' started tracking 'TblFactory' entity. Consider using 'DbContextOptionsBuilder.EnableSensitiveDataLogging' to see key values.
dbug: Microsoft.EntityFrameworkCore.ChangeTracking[10806]
      Context 'TransportMgmtContext' started tracking 'TblFactory' entity. Consider using 'DbContextOptionsBuilder.EnableSensitiveDataLogging' to see key values.
dbug: Microsoft.EntityFrameworkCore.ChangeTracking[10806]
      Context 'TransportMgmtContext' started tracking 'TblFactory' entity. Consider using 'DbContextOptionsBuilder.EnableSensitiveDataLogging' to see key values.
dbug: Microsoft.EntityFrameworkCore.ChangeTracking[10806]
      Context 'TransportMgmtContext' started tracking 'TblFactory' entity. Consider using 'DbContextOptionsBuilder.EnableSensitiveDataLogging' to see key values.
dbug: Microsoft.EntityFrameworkCore.Database.Command[20300]
      A data reader was disposed.
dbug: Microsoft.EntityFrameworkCore.Database.Connection[20002]
      Closing connection to database 'FinalDb' on server 'DESKTOP-4RBO5HC\SQLEXPRESS'.
dbug: Microsoft.EntityFrameworkCore.Database.Connection[20003]
      Closed connection to database 'FinalDb' on server 'DESKTOP-4RBO5HC\SQLEXPRESS'.
info: Microsoft.AspNetCore.Mvc.ViewFeatures.ViewResultExecutor[1]
      Executing ViewResult, running view ShowReceipt.
dbug: Microsoft.WebTools.BrowserLink.Net.BrowserLinkMiddleware[1]
      Response markup is scheduled to include Browser Link script injection.
info: Microsoft.AspNetCore.Mvc.ViewFeatures.ViewResultExecutor[4]
      Executed ViewResult - view ShowReceipt executed in 52.9485ms.
info: Microsoft.AspNetCore.Mvc.Infrastructure.ControllerActionInvoker[2]
      Executed action CodeFirstTransport.Controllers.DispatchController.ShowReceipt (CodeFirstTransport) in 251.9016ms
info: Microsoft.AspNetCore.Routing.EndpointMiddleware[1]
      Executed endpoint 'CodeFirstTransport.Controllers.DispatchController.ShowReceipt (CodeFirstTransport)'
dbug: Microsoft.WebTools.BrowserLink.Net.BrowserLinkMiddleware[2]
      Response markup was updated to include Browser Link script injection.
dbug: Microsoft.EntityFrameworkCore.Infrastructure[10407]
      'TransportMgmtContext' disposed.
info: Microsoft.AspNetCore.Hosting.Diagnostics[2]
