info: Microsoft.Hosting.Lifetime[0]
      Application started. Press Ctrl+C to shut down.
info: Microsoft.Hosting.Lifetime[0]
      Hosting environment: Development
info: Microsoft.Hosting.Lifetime[0]
      Content root path: C:\Users\Dell\Documents\KTC-APP-FINAL\
info: Microsoft.EntityFrameworkCore.Infrastructure[10403]
      Entity Framework Core 6.0.21 initialized 'TransportMgmtContext' using provider 'Microsoft.EntityFrameworkCore.SqlServer:6.0.21' with options: CommandTimeout=120 
info: Microsoft.EntityFrameworkCore.Database.Command[20101]
      Executed DbCommand (203ms) [Parameters=[@__emailId_0='?' (Size = 4000), @__password_1='?' (Size = 4000)], CommandType='Text', CommandTimeout='120']
      SELECT TOP(1) [t].[UserId], [t].[Address], [t].[City], [t].[Doj], [t].[Email], [t].[LastLogIn], [t].[Password], [t].[Role], [t].[UserName]
      FROM [TblUsers] AS [t]
      WHERE ([t].[Email] = @__emailId_0) AND ([t].[Password] = @__password_1)
info: Microsoft.EntityFrameworkCore.Infrastructure[10403]
      Entity Framework Core 6.0.21 initialized 'TransportMgmtContext' using provider 'Microsoft.EntityFrameworkCore.SqlServer:6.0.21' with options: CommandTimeout=120 
info: Microsoft.EntityFrameworkCore.Database.Command[20101]
      Executed DbCommand (12ms) [Parameters=[], CommandType='Text', CommandTimeout='120']
      SELECT [t].[FID], [t].[Address], [t].[Code], [t].[CreatedBy], [t].[CreatedOn], [t].[FactoryName], [t].[Gstin], [t].[IsActive], [t].[ModifiedBy], [t].[ModifiedOn]
      FROM [TblFactories] AS [t]
info: Microsoft.EntityFrameworkCore.Database.Command[20101]
      Executed DbCommand (4ms) [Parameters=[], CommandType='Text', CommandTimeout='120']
      SELECT [t].[FID], [t].[Address], [t].[Code], [t].[CreatedBy], [t].[CreatedOn], [t].[FactoryName], [t].[Gstin], [t].[IsActive], [t].[ModifiedBy], [t].[ModifiedOn]
      FROM [TblFactories] AS [t]
info: Microsoft.EntityFrameworkCore.Database.Command[20101]
      Executed DbCommand (9ms) [Parameters=[], CommandType='Text', CommandTimeout='120']
      SELECT [b].[BillID], [b].[ActualAmount], [b].[BillDate], [b].[BillNum], [b].[BillType], [b].[FID], [b].[Gst], [b].[GstDate], [b].[PId], [b].[PaymentReceived], [b].[PaymentTablePId], [b].[Tds]
      FROM [BillTables] AS [b]
info: Microsoft.EntityFrameworkCore.Infrastructure[10403]
      Entity Framework Core 6.0.21 initialized 'TransportMgmtContext' using provider 'Microsoft.EntityFrameworkCore.SqlServer:6.0.21' with options: CommandTimeout=120 
info: Microsoft.EntityFrameworkCore.Database.Command[20101]
      Executed DbCommand (12ms) [Parameters=[@__billNumber_0='?' (Size = 4000)], CommandType='Text', CommandTimeout='120']
      SELECT TOP(1) [b].[BillID], [b].[ActualAmount], [b].[BillDate], [b].[BillNum], [b].[BillType], [b].[FID], [b].[Gst], [b].[GstDate], [b].[PId], [b].[PaymentReceived], [b].[PaymentTablePId], [b].[Tds]
      FROM [BillTables] AS [b]
      WHERE [b].[BillNum] = @__billNumber_0
info: Microsoft.EntityFrameworkCore.Database.Command[20101]
      Executed DbCommand (1ms) [Parameters=[@__billNumber_0='?' (Size = 4000)], CommandType='Text', CommandTimeout='120']
      SELECT TOP(1) [b].[BillID], [b].[ActualAmount], [b].[BillDate], [b].[BillNum], [b].[BillType], [b].[FID], [b].[Gst], [b].[GstDate], [b].[PId], [b].[PaymentReceived], [b].[PaymentTablePId], [b].[Tds]
      FROM [BillTables] AS [b]
      WHERE [b].[BillNum] = @__billNumber_0
info: Microsoft.EntityFrameworkCore.Database.Command[20101]
      Executed DbCommand (4ms) [Parameters=[@__paymentNumber_0='?' (Size = 4000)], CommandType='Text', CommandTimeout='120']
      SELECT TOP(1) [p].[PId], [p].[DocNumber], [p].[FID], [p].[PayRecDate], [p].[Shortage]
      FROM [PaymentTables] AS [p]
      WHERE [p].[DocNumber] = @__paymentNumber_0
info: Microsoft.EntityFrameworkCore.Database.Command[20101]
      Executed DbCommand (40ms) [Parameters=[@p4='?' (DbType = Int32), @p0='?' (DbType = Double), @p1='?' (DbType = Double), @p2='?' (DbType = Double), @p3='?' (DbType = Double)], CommandType='Text', CommandTimeout='120']
      SET NOCOUNT ON;
      UPDATE [BillTables] SET [ActualAmount] = @p0, [Gst] = @p1, [PaymentReceived] = @p2, [Tds] = @p3
      WHERE [BillID] = @p4;
      SELECT @@ROWCOUNT;
info: Microsoft.EntityFrameworkCore.Database.Command[20101]
      Executed DbCommand (3ms) [Parameters=[@p0='?' (Size = 4000), @p1='?' (DbType = Int32), @p2='?' (DbType = DateTime2), @p3='?' (DbType = Double)], CommandType='Text', CommandTimeout='120']
      SET NOCOUNT ON;
      INSERT INTO [PaymentTables] ([DocNumber], [FID], [PayRecDate], [Shortage])
      VALUES (@p0, @p1, @p2, @p3);
      SELECT [PId]
      FROM [PaymentTables]
      WHERE @@ROWCOUNT = 1 AND [PId] = scope_identity();
info: Microsoft.EntityFrameworkCore.Database.Command[20101]
      Executed DbCommand (1ms) [Parameters=[@__billNumber_0='?' (Size = 4000)], CommandType='Text', CommandTimeout='120']
      SELECT TOP(1) [b].[BillID], [b].[ActualAmount], [b].[BillDate], [b].[BillNum], [b].[BillType], [b].[FID], [b].[Gst], [b].[GstDate], [b].[PId], [b].[PaymentReceived], [b].[PaymentTablePId], [b].[Tds]
      FROM [BillTables] AS [b]
      WHERE [b].[BillNum] = @__billNumber_0
info: Microsoft.EntityFrameworkCore.Database.Command[20101]
      Executed DbCommand (1ms) [Parameters=[@__billNumber_0='?' (Size = 4000)], CommandType='Text', CommandTimeout='120']
      SELECT TOP(1) [b].[BillID], [b].[ActualAmount], [b].[BillDate], [b].[BillNum], [b].[BillType], [b].[FID], [b].[Gst], [b].[GstDate], [b].[PId], [b].[PaymentReceived], [b].[PaymentTablePId], [b].[Tds]
      FROM [BillTables] AS [b]
      WHERE [b].[BillNum] = @__billNumber_0
info: Microsoft.EntityFrameworkCore.Database.Command[20101]
      Executed DbCommand (1ms) [Parameters=[@__billNumber_0='?' (Size = 4000)], CommandType='Text', CommandTimeout='120']
      SELECT TOP(1) [b].[BillID], [b].[ActualAmount], [b].[BillDate], [b].[BillNum], [b].[BillType], [b].[FID], [b].[Gst], [b].[GstDate], [b].[PId], [b].[PaymentReceived], [b].[PaymentTablePId], [b].[Tds]
      FROM [BillTables] AS [b]
      WHERE [b].[BillNum] = @__billNumber_0
info: Microsoft.EntityFrameworkCore.Database.Command[20101]
      Executed DbCommand (1ms) [Parameters=[@__billNumber_0='?' (Size = 4000)], CommandType='Text', CommandTimeout='120']
      SELECT TOP(1) [b].[BillID], [b].[ActualAmount], [b].[BillDate], [b].[BillNum], [b].[BillType], [b].[FID], [b].[Gst], [b].[GstDate], [b].[PId], [b].[PaymentReceived], [b].[PaymentTablePId], [b].[Tds]
      FROM [BillTables] AS [b]
      WHERE [b].[BillNum] = @__billNumber_0
info: Microsoft.EntityFrameworkCore.Database.Command[20101]
      Executed DbCommand (8ms) [Parameters=[@p11='?' (DbType = Int32), @p0='?' (DbType = Double), @p1='?' (DbType = DateTime2), @p2='?' (Size = 4000), @p3='?' (Size = 4000), @p4='?' (DbType = Int32), @p5='?' (DbType = Double), @p6='?' (DbType = DateTime2), @p7='?' (DbType = Int32), @p8='?' (DbType = Double), @p9='?' (DbType = Int32), @p10='?' (DbType = Double), @p23='?' (DbType = Int32), @p12='?' (DbType = Double), @p13='?' (DbType = DateTime2), @p14='?' (Size = 4000), @p15='?' (Size = 4000), @p16='?' (DbType = Int32), @p17='?' (DbType = Double), @p18='?' (DbType = DateTime2), @p19='?' (DbType = Int32), @p20='?' (DbType = Double), @p21='?' (DbType = Int32), @p22='?' (DbType = Double), @p35='?' (DbType = Int32), @p24='?' (DbType = Double), @p25='?' (DbType = DateTime2), @p26='?' (Size = 4000), @p27='?' (Size = 4000), @p28='?' (DbType = Int32), @p29='?' (DbType = Double), @p30='?' (DbType = DateTime2), @p31='?' (DbType = Int32), @p32='?' (DbType = Double), @p33='?' (DbType = Int32), @p34='?' (DbType = Double), @p47='?' (DbType = Int32), @p36='?' (DbType = Double), @p37='?' (DbType = DateTime2), @p38='?' (Size = 4000), @p39='?' (Size = 4000), @p40='?' (DbType = Int32), @p41='?' (DbType = Double), @p42='?' (DbType = DateTime2), @p43='?' (DbType = Int32), @p44='?' (DbType = Double), @p45='?' (DbType = Int32), @p46='?' (DbType = Double), @p59='?' (DbType = Int32), @p48='?' (DbType = Double), @p49='?' (DbType = DateTime2), @p50='?' (Size = 4000), @p51='?' (Size = 4000), @p52='?' (DbType = Int32), @p53='?' (DbType = Double), @p54='?' (DbType = DateTime2), @p55='?' (DbType = Int32), @p56='?' (DbType = Double), @p57='?' (DbType = Int32), @p58='?' (DbType = Double)], CommandType='Text', CommandTimeout='120']
      SET NOCOUNT ON;
      UPDATE [BillTables] SET [ActualAmount] = @p0, [BillDate] = @p1, [BillNum] = @p2, [BillType] = @p3, [FID] = @p4, [Gst] = @p5, [GstDate] = @p6, [PId] = @p7, [PaymentReceived] = @p8, [PaymentTablePId] = @p9, [Tds] = @p10
      WHERE [BillID] = @p11;
      SELECT @@ROWCOUNT;
      
      UPDATE [BillTables] SET [ActualAmount] = @p12, [BillDate] = @p13, [BillNum] = @p14, [BillType] = @p15, [FID] = @p16, [Gst] = @p17, [GstDate] = @p18, [PId] = @p19, [PaymentReceived] = @p20, [PaymentTablePId] = @p21, [Tds] = @p22
      WHERE [BillID] = @p23;
      SELECT @@ROWCOUNT;
      
      UPDATE [BillTables] SET [ActualAmount] = @p24, [BillDate] = @p25, [BillNum] = @p26, [BillType] = @p27, [FID] = @p28, [Gst] = @p29, [GstDate] = @p30, [PId] = @p31, [PaymentReceived] = @p32, [PaymentTablePId] = @p33, [Tds] = @p34
      WHERE [BillID] = @p35;
      SELECT @@ROWCOUNT;
      
      UPDATE [BillTables] SET [ActualAmount] = @p36, [BillDate] = @p37, [BillNum] = @p38, [BillType] = @p39, [FID] = @p40, [Gst] = @p41, [GstDate] = @p42, [PId] = @p43, [PaymentReceived] = @p44, [PaymentTablePId] = @p45, [Tds] = @p46
      WHERE [BillID] = @p47;
      SELECT @@ROWCOUNT;
      
      UPDATE [BillTables] SET [ActualAmount] = @p48, [BillDate] = @p49, [BillNum] = @p50, [BillType] = @p51, [FID] = @p52, [Gst] = @p53, [GstDate] = @p54, [PId] = @p55, [PaymentReceived] = @p56, [PaymentTablePId] = @p57, [Tds] = @p58
      WHERE [BillID] = @p59;
      SELECT @@ROWCOUNT;
info: Microsoft.EntityFrameworkCore.Infrastructure[10403]
      Entity Framework Core 6.0.21 initialized 'TransportMgmtContext' using provider 'Microsoft.EntityFrameworkCore.SqlServer:6.0.21' with options: CommandTimeout=120 
info: Microsoft.EntityFrameworkCore.Database.Command[20101]
      Executed DbCommand (4ms) [Parameters=[], CommandType='Text', CommandTimeout='120']
      SELECT [t].[FID], [t].[Address], [t].[Code], [t].[CreatedBy], [t].[CreatedOn], [t].[FactoryName], [t].[Gstin], [t].[IsActive], [t].[ModifiedBy], [t].[ModifiedOn]
      FROM [TblFactories] AS [t]
info: Microsoft.EntityFrameworkCore.Database.Command[20101]
      Executed DbCommand (1ms) [Parameters=[], CommandType='Text', CommandTimeout='120']
      SELECT [t].[FID], [t].[Address], [t].[Code], [t].[CreatedBy], [t].[CreatedOn], [t].[FactoryName], [t].[Gstin], [t].[IsActive], [t].[ModifiedBy], [t].[ModifiedOn]
      FROM [TblFactories] AS [t]
info: Microsoft.EntityFrameworkCore.Database.Command[20101]
      Executed DbCommand (1ms) [Parameters=[], CommandType='Text', CommandTimeout='120']
      SELECT [b].[BillID], [b].[ActualAmount], [b].[BillDate], [b].[BillNum], [b].[BillType], [b].[FID], [b].[Gst], [b].[GstDate], [b].[PId], [b].[PaymentReceived], [b].[PaymentTablePId], [b].[Tds]
      FROM [BillTables] AS [b]
info: Microsoft.EntityFrameworkCore.Infrastructure[10403]
      Entity Framework Core 6.0.21 initialized 'TransportMgmtContext' using provider 'Microsoft.EntityFrameworkCore.SqlServer:6.0.21' with options: CommandTimeout=120 
info: Microsoft.EntityFrameworkCore.Database.Command[20101]
      Executed DbCommand (2ms) [Parameters=[@__billNumber_0='?' (Size = 4000)], CommandType='Text', CommandTimeout='120']
      SELECT TOP(1) [b].[BillID], [b].[ActualAmount], [b].[BillDate], [b].[BillNum], [b].[BillType], [b].[FID], [b].[Gst], [b].[GstDate], [b].[PId], [b].[PaymentReceived], [b].[PaymentTablePId], [b].[Tds]
      FROM [BillTables] AS [b]
      WHERE [b].[BillNum] = @__billNumber_0
info: Microsoft.EntityFrameworkCore.Database.Command[20101]
      Executed DbCommand (2ms) [Parameters=[@__billNumber_0='?' (Size = 4000)], CommandType='Text', CommandTimeout='120']
      SELECT TOP(1) [b].[BillID], [b].[ActualAmount], [b].[BillDate], [b].[BillNum], [b].[BillType], [b].[FID], [b].[Gst], [b].[GstDate], [b].[PId], [b].[PaymentReceived], [b].[PaymentTablePId], [b].[Tds]
      FROM [BillTables] AS [b]
      WHERE [b].[BillNum] = @__billNumber_0
info: Microsoft.EntityFrameworkCore.Database.Command[20101]
      Executed DbCommand (2ms) [Parameters=[@__paymentNumber_0='?' (Size = 4000)], CommandType='Text', CommandTimeout='120']
      SELECT TOP(1) [p].[PId], [p].[DocNumber], [p].[FID], [p].[PayRecDate], [p].[Shortage]
      FROM [PaymentTables] AS [p]
      WHERE [p].[DocNumber] = @__paymentNumber_0
info: Microsoft.EntityFrameworkCore.Database.Command[20101]
      Executed DbCommand (5ms) [Parameters=[@p4='?' (DbType = Int32), @p0='?' (DbType = Double), @p1='?' (DbType = Double), @p2='?' (DbType = Double), @p3='?' (DbType = Double)], CommandType='Text', CommandTimeout='120']
      SET NOCOUNT ON;
      UPDATE [BillTables] SET [ActualAmount] = @p0, [Gst] = @p1, [PaymentReceived] = @p2, [Tds] = @p3
      WHERE [BillID] = @p4;
      SELECT @@ROWCOUNT;
info: Microsoft.EntityFrameworkCore.Database.Command[20101]
      Executed DbCommand (2ms) [Parameters=[@p0='?' (Size = 4000), @p1='?' (DbType = Int32), @p2='?' (DbType = DateTime2), @p3='?' (DbType = Double)], CommandType='Text', CommandTimeout='120']
      SET NOCOUNT ON;
      INSERT INTO [PaymentTables] ([DocNumber], [FID], [PayRecDate], [Shortage])
      VALUES (@p0, @p1, @p2, @p3);
      SELECT [PId]
      FROM [PaymentTables]
      WHERE @@ROWCOUNT = 1 AND [PId] = scope_identity();
info: Microsoft.EntityFrameworkCore.Database.Command[20101]
      Executed DbCommand (4ms) [Parameters=[@p11='?' (DbType = Int32), @p0='?' (DbType = Double), @p1='?' (DbType = DateTime2), @p2='?' (Size = 4000), @p3='?' (Size = 4000), @p4='?' (DbType = Int32), @p5='?' (DbType = Double), @p6='?' (DbType = DateTime2), @p7='?' (DbType = Int32), @p8='?' (DbType = Double), @p9='?' (DbType = Int32), @p10='?' (DbType = Double)], CommandType='Text', CommandTimeout='120']
      SET NOCOUNT ON;
      UPDATE [BillTables] SET [ActualAmount] = @p0, [BillDate] = @p1, [BillNum] = @p2, [BillType] = @p3, [FID] = @p4, [Gst] = @p5, [GstDate] = @p6, [PId] = @p7, [PaymentReceived] = @p8, [PaymentTablePId] = @p9, [Tds] = @p10
      WHERE [BillID] = @p11;
      SELECT @@ROWCOUNT;
info: Microsoft.EntityFrameworkCore.Infrastructure[10403]
      Entity Framework Core 6.0.21 initialized 'TransportMgmtContext' using provider 'Microsoft.EntityFrameworkCore.SqlServer:6.0.21' with options: CommandTimeout=120 
info: Microsoft.EntityFrameworkCore.Database.Command[20101]
      Executed DbCommand (2ms) [Parameters=[], CommandType='Text', CommandTimeout='120']
      SELECT [t].[FID], [t].[Address], [t].[Code], [t].[CreatedBy], [t].[CreatedOn], [t].[FactoryName], [t].[Gstin], [t].[IsActive], [t].[ModifiedBy], [t].[ModifiedOn]
      FROM [TblFactories] AS [t]
info: Microsoft.EntityFrameworkCore.Database.Command[20101]
      Executed DbCommand (1ms) [Parameters=[], CommandType='Text', CommandTimeout='120']
      SELECT [t].[FID], [t].[Address], [t].[Code], [t].[CreatedBy], [t].[CreatedOn], [t].[FactoryName], [t].[Gstin], [t].[IsActive], [t].[ModifiedBy], [t].[ModifiedOn]
      FROM [TblFactories] AS [t]
info: Microsoft.EntityFrameworkCore.Database.Command[20101]
      Executed DbCommand (2ms) [Parameters=[], CommandType='Text', CommandTimeout='120']
      SELECT [b].[BillID], [b].[ActualAmount], [b].[BillDate], [b].[BillNum], [b].[BillType], [b].[FID], [b].[Gst], [b].[GstDate], [b].[PId], [b].[PaymentReceived], [b].[PaymentTablePId], [b].[Tds]
      FROM [BillTables] AS [b]
info: Microsoft.EntityFrameworkCore.Infrastructure[10403]
      Entity Framework Core 6.0.21 initialized 'TransportMgmtContext' using provider 'Microsoft.EntityFrameworkCore.SqlServer:6.0.21' with options: CommandTimeout=120 
info: Microsoft.EntityFrameworkCore.Database.Command[20101]
      Executed DbCommand (4ms) [Parameters=[@__billNumber_0='?' (Size = 4000)], CommandType='Text', CommandTimeout='120']
      SELECT TOP(1) [b].[BillID], [b].[ActualAmount], [b].[BillDate], [b].[BillNum], [b].[BillType], [b].[FID], [b].[Gst], [b].[GstDate], [b].[PId], [b].[PaymentReceived], [b].[PaymentTablePId], [b].[Tds]
      FROM [BillTables] AS [b]
      WHERE [b].[BillNum] = @__billNumber_0
info: Microsoft.EntityFrameworkCore.Database.Command[20101]
      Executed DbCommand (1ms) [Parameters=[@__billNumber_0='?' (Size = 4000)], CommandType='Text', CommandTimeout='120']
      SELECT TOP(1) [b].[BillID], [b].[ActualAmount], [b].[BillDate], [b].[BillNum], [b].[BillType], [b].[FID], [b].[Gst], [b].[GstDate], [b].[PId], [b].[PaymentReceived], [b].[PaymentTablePId], [b].[Tds]
      FROM [BillTables] AS [b]
      WHERE [b].[BillNum] = @__billNumber_0
info: Microsoft.EntityFrameworkCore.Database.Command[20101]
      Executed DbCommand (2ms) [Parameters=[@__paymentNumber_0='?' (Size = 4000)], CommandType='Text', CommandTimeout='120']
      SELECT TOP(1) [p].[PId], [p].[DocNumber], [p].[FID], [p].[PayRecDate], [p].[Shortage]
      FROM [PaymentTables] AS [p]
      WHERE [p].[DocNumber] = @__paymentNumber_0
info: Microsoft.EntityFrameworkCore.Database.Command[20101]
      Executed DbCommand (4ms) [Parameters=[@p4='?' (DbType = Int32), @p0='?' (DbType = Double), @p1='?' (DbType = Double), @p2='?' (DbType = Double), @p3='?' (DbType = Double)], CommandType='Text', CommandTimeout='120']
      SET NOCOUNT ON;
      UPDATE [BillTables] SET [ActualAmount] = @p0, [Gst] = @p1, [PaymentReceived] = @p2, [Tds] = @p3
      WHERE [BillID] = @p4;
      SELECT @@ROWCOUNT;
info: Microsoft.EntityFrameworkCore.Database.Command[20101]
      Executed DbCommand (2ms) [Parameters=[@p0='?' (Size = 4000), @p1='?' (DbType = Int32), @p2='?' (DbType = DateTime2), @p3='?' (DbType = Double)], CommandType='Text', CommandTimeout='120']
      SET NOCOUNT ON;
      INSERT INTO [PaymentTables] ([DocNumber], [FID], [PayRecDate], [Shortage])
      VALUES (@p0, @p1, @p2, @p3);
      SELECT [PId]
      FROM [PaymentTables]
      WHERE @@ROWCOUNT = 1 AND [PId] = scope_identity();
info: Microsoft.EntityFrameworkCore.Database.Command[20101]
      Executed DbCommand (1ms) [Parameters=[@__billNumber_0='?' (Size = 4000)], CommandType='Text', CommandTimeout='120']
      SELECT TOP(1) [b].[BillID], [b].[ActualAmount], [b].[BillDate], [b].[BillNum], [b].[BillType], [b].[FID], [b].[Gst], [b].[GstDate], [b].[PId], [b].[PaymentReceived], [b].[PaymentTablePId], [b].[Tds]
      FROM [BillTables] AS [b]
      WHERE [b].[BillNum] = @__billNumber_0
info: Microsoft.EntityFrameworkCore.Database.Command[20101]
      Executed DbCommand (3ms) [Parameters=[@p11='?' (DbType = Int32), @p0='?' (DbType = Double), @p1='?' (DbType = DateTime2), @p2='?' (Size = 4000), @p3='?' (Size = 4000), @p4='?' (DbType = Int32), @p5='?' (DbType = Double), @p6='?' (DbType = DateTime2), @p7='?' (DbType = Int32), @p8='?' (DbType = Double), @p9='?' (DbType = Int32), @p10='?' (DbType = Double)], CommandType='Text', CommandTimeout='120']
      SET NOCOUNT ON;
      UPDATE [BillTables] SET [ActualAmount] = @p0, [BillDate] = @p1, [BillNum] = @p2, [BillType] = @p3, [FID] = @p4, [Gst] = @p5, [GstDate] = @p6, [PId] = @p7, [PaymentReceived] = @p8, [PaymentTablePId] = @p9, [Tds] = @p10
      WHERE [BillID] = @p11;
      SELECT @@ROWCOUNT;
info: Microsoft.EntityFrameworkCore.Database.Command[20101]
      Executed DbCommand (1ms) [Parameters=[@p11='?' (DbType = Int32), @p0='?' (DbType = Double), @p1='?' (DbType = DateTime2), @p2='?' (Size = 4000), @p3='?' (Size = 4000), @p4='?' (DbType = Int32), @p5='?' (DbType = Double), @p6='?' (DbType = DateTime2), @p7='?' (DbType = Int32), @p8='?' (DbType = Double), @p9='?' (DbType = Int32), @p10='?' (DbType = Double)], CommandType='Text', CommandTimeout='120']
      SET NOCOUNT ON;
      UPDATE [BillTables] SET [ActualAmount] = @p0, [BillDate] = @p1, [BillNum] = @p2, [BillType] = @p3, [FID] = @p4, [Gst] = @p5, [GstDate] = @p6, [PId] = @p7, [PaymentReceived] = @p8, [PaymentTablePId] = @p9, [Tds] = @p10
      WHERE [BillID] = @p11;
      SELECT @@ROWCOUNT;
info: Microsoft.EntityFrameworkCore.Infrastructure[10403]
      Entity Framework Core 6.0.21 initialized 'TransportMgmtContext' using provider 'Microsoft.EntityFrameworkCore.SqlServer:6.0.21' with options: CommandTimeout=120 
info: Microsoft.EntityFrameworkCore.Database.Command[20101]
      Executed DbCommand (1ms) [Parameters=[], CommandType='Text', CommandTimeout='120']
      SELECT [t].[FID], [t].[Address], [t].[Code], [t].[CreatedBy], [t].[CreatedOn], [t].[FactoryName], [t].[Gstin], [t].[IsActive], [t].[ModifiedBy], [t].[ModifiedOn]
      FROM [TblFactories] AS [t]
info: Microsoft.EntityFrameworkCore.Database.Command[20101]
      Executed DbCommand (1ms) [Parameters=[], CommandType='Text', CommandTimeout='120']
      SELECT [t].[FID], [t].[Address], [t].[Code], [t].[CreatedBy], [t].[CreatedOn], [t].[FactoryName], [t].[Gstin], [t].[IsActive], [t].[ModifiedBy], [t].[ModifiedOn]
      FROM [TblFactories] AS [t]
info: Microsoft.EntityFrameworkCore.Database.Command[20101]
      Executed DbCommand (1ms) [Parameters=[], CommandType='Text', CommandTimeout='120']
      SELECT [b].[BillID], [b].[ActualAmount], [b].[BillDate], [b].[BillNum], [b].[BillType], [b].[FID], [b].[Gst], [b].[GstDate], [b].[PId], [b].[PaymentReceived], [b].[PaymentTablePId], [b].[Tds]
      FROM [BillTables] AS [b]
info: Microsoft.EntityFrameworkCore.Infrastructure[10403]
      Entity Framework Core 6.0.21 initialized 'TransportMgmtContext' using provider 'Microsoft.EntityFrameworkCore.SqlServer:6.0.21' with options: CommandTimeout=120 
info: Microsoft.EntityFrameworkCore.Database.Command[20101]
      Executed DbCommand (2ms) [Parameters=[@__billNumber_0='?' (Size = 4000)], CommandType='Text', CommandTimeout='120']
      SELECT TOP(1) [b].[BillID], [b].[ActualAmount], [b].[BillDate], [b].[BillNum], [b].[BillType], [b].[FID], [b].[Gst], [b].[GstDate], [b].[PId], [b].[PaymentReceived], [b].[PaymentTablePId], [b].[Tds]
      FROM [BillTables] AS [b]
      WHERE [b].[BillNum] = @__billNumber_0
info: Microsoft.EntityFrameworkCore.Database.Command[20101]
      Executed DbCommand (4ms) [Parameters=[@__billNumber_0='?' (Size = 4000)], CommandType='Text', CommandTimeout='120']
      SELECT TOP(1) [b].[BillID], [b].[ActualAmount], [b].[BillDate], [b].[BillNum], [b].[BillType], [b].[FID], [b].[Gst], [b].[GstDate], [b].[PId], [b].[PaymentReceived], [b].[PaymentTablePId], [b].[Tds]
      FROM [BillTables] AS [b]
      WHERE [b].[BillNum] = @__billNumber_0
info: Microsoft.EntityFrameworkCore.Database.Command[20101]
      Executed DbCommand (3ms) [Parameters=[@__paymentNumber_0='?' (Size = 4000)], CommandType='Text', CommandTimeout='120']
      SELECT TOP(1) [p].[PId], [p].[DocNumber], [p].[FID], [p].[PayRecDate], [p].[Shortage]
      FROM [PaymentTables] AS [p]
      WHERE [p].[DocNumber] = @__paymentNumber_0
info: Microsoft.EntityFrameworkCore.Database.Command[20101]
      Executed DbCommand (6ms) [Parameters=[@p4='?' (DbType = Int32), @p0='?' (DbType = Double), @p1='?' (DbType = Double), @p2='?' (DbType = Double), @p3='?' (DbType = Double)], CommandType='Text', CommandTimeout='120']
      SET NOCOUNT ON;
      UPDATE [BillTables] SET [ActualAmount] = @p0, [Gst] = @p1, [PaymentReceived] = @p2, [Tds] = @p3
      WHERE [BillID] = @p4;
      SELECT @@ROWCOUNT;
info: Microsoft.EntityFrameworkCore.Database.Command[20101]
      Executed DbCommand (2ms) [Parameters=[@p0='?' (Size = 4000), @p1='?' (DbType = Int32), @p2='?' (DbType = DateTime2), @p3='?' (DbType = Double)], CommandType='Text', CommandTimeout='120']
      SET NOCOUNT ON;
      INSERT INTO [PaymentTables] ([DocNumber], [FID], [PayRecDate], [Shortage])
      VALUES (@p0, @p1, @p2, @p3);
      SELECT [PId]
      FROM [PaymentTables]
      WHERE @@ROWCOUNT = 1 AND [PId] = scope_identity();
info: Microsoft.EntityFrameworkCore.Database.Command[20101]
      Executed DbCommand (1ms) [Parameters=[@__billNumber_0='?' (Size = 4000)], CommandType='Text', CommandTimeout='120']
      SELECT TOP(1) [b].[BillID], [b].[ActualAmount], [b].[BillDate], [b].[BillNum], [b].[BillType], [b].[FID], [b].[Gst], [b].[GstDate], [b].[PId], [b].[PaymentReceived], [b].[PaymentTablePId], [b].[Tds]
      FROM [BillTables] AS [b]
      WHERE [b].[BillNum] = @__billNumber_0
info: Microsoft.EntityFrameworkCore.Database.Command[20101]
      Executed DbCommand (4ms) [Parameters=[@p11='?' (DbType = Int32), @p0='?' (DbType = Double), @p1='?' (DbType = DateTime2), @p2='?' (Size = 4000), @p3='?' (Size = 4000), @p4='?' (DbType = Int32), @p5='?' (DbType = Double), @p6='?' (DbType = DateTime2), @p7='?' (DbType = Int32), @p8='?' (DbType = Double), @p9='?' (DbType = Int32), @p10='?' (DbType = Double)], CommandType='Text', CommandTimeout='120']
      SET NOCOUNT ON;
      UPDATE [BillTables] SET [ActualAmount] = @p0, [BillDate] = @p1, [BillNum] = @p2, [BillType] = @p3, [FID] = @p4, [Gst] = @p5, [GstDate] = @p6, [PId] = @p7, [PaymentReceived] = @p8, [PaymentTablePId] = @p9, [Tds] = @p10
      WHERE [BillID] = @p11;
      SELECT @@ROWCOUNT;
info: Microsoft.EntityFrameworkCore.Database.Command[20101]
      Executed DbCommand (1ms) [Parameters=[@p11='?' (DbType = Int32), @p0='?' (DbType = Double), @p1='?' (DbType = DateTime2), @p2='?' (Size = 4000), @p3='?' (Size = 4000), @p4='?' (DbType = Int32), @p5='?' (DbType = Double), @p6='?' (DbType = DateTime2), @p7='?' (DbType = Int32), @p8='?' (DbType = Double), @p9='?' (DbType = Int32), @p10='?' (DbType = Double)], CommandType='Text', CommandTimeout='120']
      SET NOCOUNT ON;
      UPDATE [BillTables] SET [ActualAmount] = @p0, [BillDate] = @p1, [BillNum] = @p2, [BillType] = @p3, [FID] = @p4, [Gst] = @p5, [GstDate] = @p6, [PId] = @p7, [PaymentReceived] = @p8, [PaymentTablePId] = @p9, [Tds] = @p10
      WHERE [BillID] = @p11;
      SELECT @@ROWCOUNT;
info: Microsoft.EntityFrameworkCore.Infrastructure[10403]
      Entity Framework Core 6.0.21 initialized 'TransportMgmtContext' using provider 'Microsoft.EntityFrameworkCore.SqlServer:6.0.21' with options: CommandTimeout=120 
info: Microsoft.EntityFrameworkCore.Database.Command[20101]
      Executed DbCommand (2ms) [Parameters=[], CommandType='Text', CommandTimeout='120']
      SELECT [t].[FID], [t].[Address], [t].[Code], [t].[CreatedBy], [t].[CreatedOn], [t].[FactoryName], [t].[Gstin], [t].[IsActive], [t].[ModifiedBy], [t].[ModifiedOn]
      FROM [TblFactories] AS [t]
info: Microsoft.EntityFrameworkCore.Database.Command[20101]
      Executed DbCommand (2ms) [Parameters=[], CommandType='Text', CommandTimeout='120']
      SELECT [t].[FID], [t].[Address], [t].[Code], [t].[CreatedBy], [t].[CreatedOn], [t].[FactoryName], [t].[Gstin], [t].[IsActive], [t].[ModifiedBy], [t].[ModifiedOn]
      FROM [TblFactories] AS [t]
info: Microsoft.EntityFrameworkCore.Database.Command[20101]
      Executed DbCommand (1ms) [Parameters=[], CommandType='Text', CommandTimeout='120']
      SELECT [b].[BillID], [b].[ActualAmount], [b].[BillDate], [b].[BillNum], [b].[BillType], [b].[FID], [b].[Gst], [b].[GstDate], [b].[PId], [b].[PaymentReceived], [b].[PaymentTablePId], [b].[Tds]
      FROM [BillTables] AS [b]
info: Microsoft.EntityFrameworkCore.Infrastructure[10403]
      Entity Framework Core 6.0.21 initialized 'TransportMgmtContext' using provider 'Microsoft.EntityFrameworkCore.SqlServer:6.0.21' with options: CommandTimeout=120 
info: Microsoft.EntityFrameworkCore.Database.Command[20101]
      Executed DbCommand (1ms) [Parameters=[], CommandType='Text', CommandTimeout='120']
      SELECT [t].[FID] AS [id], [t].[FactoryName] AS [name]
      FROM [TblFactories] AS [t]
info: Microsoft.EntityFrameworkCore.Infrastructure[10403]
      Entity Framework Core 6.0.21 initialized 'TransportMgmtContext' using provider 'Microsoft.EntityFrameworkCore.SqlServer:6.0.21' with options: CommandTimeout=120 
info: Microsoft.EntityFrameworkCore.Database.Command[20101]
      Executed DbCommand (9ms) [Parameters=[p0='?' (DbType = DateTime2), p1='?' (DbType = DateTime2), p2='?' (DbType = Int32)], CommandType='Text', CommandTimeout='120']
      EXEC [dbo].[SpPaymentByDate] @StartDate = @p0, @EndDate = @p1, @FactoryId = @p2
info: Microsoft.EntityFrameworkCore.Infrastructure[10403]
      Entity Framework Core 6.0.21 initialized 'TransportMgmtContext' using provider 'Microsoft.EntityFrameworkCore.SqlServer:6.0.21' with options: CommandTimeout=120 
info: Microsoft.EntityFrameworkCore.Database.Command[20101]
      Executed DbCommand (1ms) [Parameters=[], CommandType='Text', CommandTimeout='120']
      SELECT [t].[FID] AS [id], [t].[FactoryName] AS [name]
      FROM [TblFactories]