info: Microsoft.Hosting.Lifetime[0]
      Application started. Press Ctrl+C to shut down.
info: Microsoft.Hosting.Lifetime[0]
      Hosting environment: Production
info: Microsoft.Hosting.Lifetime[0]
      Content root path: C:\Users\Dell\Documents\KTC-APP-FINAL\
info: Microsoft.EntityFrameworkCore.Infrastructure[10403]
      Entity Framework Core 6.0.21 initialized 'TransportMgmtContext' using provider 'Microsoft.EntityFrameworkCore.SqlServer:6.0.21' with options: CommandTimeout=120 
info: Microsoft.EntityFrameworkCore.Database.Command[20101]
      Executed DbCommand (208ms) [Parameters=[@__emailId_0='?' (Size = 4000), @__password_1='?' (Size = 4000)], CommandType='Text', CommandTimeout='120']
      SELECT TOP(1) [t].[UserId], [t].[Address], [t].[City], [t].[Doj], [t].[Email], [t].[LastLogIn], [t].[Password], [t].[Role], [t].[UserName]
      FROM [TblUsers] AS [t]
      WHERE ([t].[Email] = @__emailId_0) AND ([t].[Password] = @__password_1)
info: Microsoft.EntityFrameworkCore.Infrastructure[10403]
      Entity Framework Core 6.0.21 initialized 'TransportMgmtContext' using provider 'Microsoft.EntityFrameworkCore.SqlServer:6.0.21' with options: CommandTimeout=120 
info: Microsoft.EntityFrameworkCore.Database.Command[20101]
      Executed DbCommand (196ms) [Parameters=[@__nearExpiryThreshold_0='?' (DbType = DateTime2)], CommandType='Text', CommandTimeout='120']
      SELECT [t].[VehicleId], [t].[TaxEndDate], [t].[TaxStartDate], [t].[VehicleFitnessEndDate], [t].[VehicleFitnessStartDate], [t].[VehicleInsurEndtDate], [t].[VehicleInsurStartDate], [t].[VehicleNumber], [t].[VehiclePermitDate], [t].[VehicleType]
      FROM [TblVehicles] AS [t]
      WHERE (((([t].[VehicleInsurEndtDate] IS NOT NULL) AND ([t].[VehicleInsurEndtDate] <= @__nearExpiryThreshold_0)) OR (([t].[VehicleFitnessEndDate] IS NOT NULL) AND ([t].[VehicleFitnessEndDate] <= @__nearExpiryThreshold_0))) OR (([t].[TaxEndDate] IS NOT NULL) AND ([t].[TaxEndDate] <= @__nearExpiryThreshold_0))) OR (([t].[VehiclePermitDate] IS NOT NULL) AND ([t].[VehiclePermitDate] <= @__nearExpiryThreshold_0))
fail: Microsoft.AspNetCore.Server.IIS.Core.IISHttpServer[2]
      Connection ID "17582052950354691884", Request ID "4000072d-0001-f400-b63f-84710c7967bb": An unhandled exception was thrown by the application.
      System.InvalidOperationException: The view 'Components/NearExpiryReminder/Default' was not found. The following locations were searched:
      /Views/Home/Components/NearExpiryReminder/Default.cshtml
      /Views/Shared/Components/NearExpiryReminder/Default.cshtml
         at Microsoft.AspNetCore.Mvc.ViewEngines.ViewEngineResult.EnsureSuccessful(IEnumerable`1 originalLocations)
         at Microsoft.AspNetCore.Mvc.ViewComponents.ViewViewComponentResult.ExecuteAsync(ViewComponentContext context)
         at Microsoft.AspNetCore.Mvc.ViewComponents.DefaultViewComponentInvoker.InvokeAsync(ViewComponentContext context)
         at Microsoft.AspNetCore.Mvc.ViewComponents.DefaultViewComponentHelper.InvokeCoreAsync(ViewComponentDescriptor descriptor, Object arguments)
         at AspNetCoreGeneratedDocument.Views_Shared__Layout.<ExecuteAsync>b__48_1() in C:\Users\Dell\Documents\KTC-APP-FINAL\Views\Shared\_Layout.cshtml:line 100
         at Microsoft.AspNetCore.Razor.Runtime.TagHelpers.TagHelperExecutionContext.SetOutputContentAsync()
         at AspNetCoreGeneratedDocument.Views_Shared__Layout.ExecuteAsync()
         at Microsoft.AspNetCore.Mvc.Razor.RazorView.RenderPageCoreAsync(IRazorPage page, ViewContext context)
         at Microsoft.AspNetCore.Mvc.Razor.RazorView.RenderPageAsync(IRazorPage page, ViewContext context, Boolean invokeViewStarts)
         at Microsoft.AspNetCore.Mvc.Razor.RazorView.RenderLayoutAsync(ViewContext context, ViewBufferTextWriter bodyWriter)
         at Microsoft.AspNetCore.Mvc.Razor.RazorView.RenderAsync(ViewContext context)
         at Microsoft.AspNetCore.Mvc.ViewFeatures.ViewExecutor.ExecuteAsync(ViewContext viewContext, String contentType, Nullable`1 statusCode)
         at Microsoft.AspNetCore.Mvc.ViewFeatures.ViewExecutor.ExecuteAsync(ViewCont